check_db.ts(6,33): error TS18048: 'data' is possibly 'undefined'.
check_db.ts(6,54): error TS18048: 'data' is possibly 'undefined'.
check_db.ts(6,77): error TS18048: 'data' is possibly 'undefined'.
check_db.ts(7,33): error TS18048: 'data' is possibly 'undefined'.
check_db.ts(8,26): error TS18048: 'data' is possibly 'undefined'.
check_db.ts(9,40): error TS18048: 'data' is possibly 'undefined'.
run-trtex.ts(3,32): error TS2307: Cannot find module './src/core/swarm/trtex/trtex-lead-agent' or its corresponding type declarations.
run_agent.ts(95,88): error TS2769: No overload matches this call.
  Overload 1 of 2, '(input: string | URL | Request, init?: RequestInit | undefined): Promise<Response>', gave the following error.
    Type '{ 'x-cron-secret': string; } | { 'x-cron-secret'?: undefined; }' is not assignable to type 'HeadersInit | undefined'.
      Type '{ 'x-cron-secret'?: undefined; }' is not assignable to type 'HeadersInit | undefined'.
        Type '{ 'x-cron-secret'?: undefined; }' is not assignable to type 'Record<string, string>'.
          Property ''x-cron-secret'' is incompatible with index signature.
            Type 'undefined' is not assignable to type 'string'.
  Overload 2 of 2, '(input: URL | RequestInfo, init?: RequestInit | undefined): Promise<Response>', gave the following error.
    Type '{ 'x-cron-secret': string; } | { 'x-cron-secret'?: undefined; }' is not assignable to type 'HeadersInit | undefined'.
      Type '{ 'x-cron-secret'?: undefined; }' is not assignable to type 'HeadersInit | undefined'.
        Type '{ 'x-cron-secret'?: undefined; }' is not assignable to type 'Record<string, string>'.
          Property ''x-cron-secret'' is incompatible with index signature.
            Type 'undefined' is not assignable to type 'string'.
scratch/agent-deploy.ts(3,32): error TS2307: Cannot find module '../src/core/swarm/trtex/trtex-lead-agent' or its corresponding type declarations.
scratch/bootstrap-swarm.ts(1,38): error TS2307: Cannot find module '../src/core/swarm/live-news-swarm' or its corresponding type declarations.
scratch/check_images.ts(7,36): error TS18048: 'data' is possibly 'undefined'.
scratch/check_images.ts(8,39): error TS18048: 'data' is possibly 'undefined'.
scratch/compare-news.ts(1,25): error TS5097: An import path can only end with a '.ts' extension when 'allowImportingTsExtensions' is enabled.
scratch/force-real-news.ts(4,32): error TS2307: Cannot find module '../src/core/swarm/trtex/trtex-lead-agent' or its corresponding type declarations.
scratch/test-bucket.ts(1,23): error TS2307: Cannot find module './src/lib/firebase-admin' or its corresponding type declarations.
scratch/test-models.ts(6,22): error TS2488: Type 'Pager<Model>' must have a '[Symbol.iterator]()' method that returns an iterator.
scratch/test-swarm.ts(1,38): error TS2307: Cannot find module '../src/core/swarm/live-news-swarm.js' or its corresponding type declarations.
scratch/test_adminDb.ts(12,29): error TS18046: 'e' is of type 'unknown'.
scratch/test_haber.ts(1,10): error TS2305: Module '"../src/core/aloha/engine"' has no exported member 'generateArticleFromTopic'.
scratch/test_imagen_new.ts(47,17): error TS18048: 'aiResponse.generatedImages' is possibly 'undefined'.
scratch/test_imagen_new.ts(47,17): error TS2532: Object is possibly 'undefined'.
scratch/test_imagen_new.ts(48,141): error TS2769: No overload matches this call.
  Overload 1 of 4, '(arrayBuffer: WithImplicitCoercion<ArrayBufferLike>, byteOffset?: number | undefined, length?: number | undefined): Buffer<ArrayBufferLike>', gave the following error.
    Argument of type 'string | undefined' is not assignable to parameter of type 'WithImplicitCoercion<ArrayBufferLike>'.
      Type 'undefined' is not assignable to type 'WithImplicitCoercion<ArrayBufferLike>'.
  Overload 2 of 4, '(string: WithImplicitCoercion<string>, encoding?: BufferEncoding | undefined): Buffer<ArrayBuffer>', gave the following error.
    Argument of type 'string | undefined' is not assignable to parameter of type 'WithImplicitCoercion<string>'.
      Type 'undefined' is not assignable to type 'WithImplicitCoercion<string>'.
